Problem: 1, Strategy: 1

Solving Air Cargo Problem 1 using breadth_first_search...

Expansions   Goal Tests   New Nodes
    43          56         180    

Plan length: 6  Time elapsed in seconds: 0.02937080687843263
Load(C2, P2, JFK)
Load(C1, P1, SFO)
Fly(P2, JFK, SFO)
Unload(C2, P2, SFO)
Fly(P1, SFO, JFK)
Unload(C1, P1, JFK)

Problem: 1, Strategy: 2

Solving Air Cargo Problem 1 using breadth_first_tree_search...

Expansions   Goal Tests   New Nodes
   1458        1459        5960   

Plan length: 6  Time elapsed in seconds: 0.959403065033257
Load(C2, P2, JFK)
Load(C1, P1, SFO)
Fly(P2, JFK, SFO)
Unload(C2, P2, SFO)
Fly(P1, SFO, JFK)
Unload(C1, P1, JFK)

Problem: 1, Strategy: 3

Solving Air Cargo Problem 1 using depth_first_graph_search...

Expansions   Goal Tests   New Nodes
    12          13          48    

Plan length: 12  Time elapsed in seconds: 0.013785200892016292
Fly(P1, SFO, JFK)
Fly(P2, JFK, SFO)
Load(C1, P2, SFO)
Fly(P2, SFO, JFK)
Fly(P1, JFK, SFO)
Unload(C1, P2, JFK)
Fly(P2, JFK, SFO)
Fly(P1, SFO, JFK)
Load(C2, P1, JFK)
Fly(P2, SFO, JFK)
Fly(P1, JFK, SFO)
Unload(C2, P1, SFO)

Problem: 1, Strategy: 4

Solving Air Cargo Problem 1 using depth_limited_search...

Expansions   Goal Tests   New Nodes
   101         271         414    

Plan length: 50  Time elapsed in seconds: 0.09037403203547001
Load(C2, P2, JFK)
Load(C1, P1, SFO)
Unload(C2, P2, JFK)
Load(C2, P2, JFK)
Unload(C2, P2, JFK)
Load(C2, P2, JFK)
Unload(C2, P2, JFK)
Load(C2, P2, JFK)
Unload(C2, P2, JFK)
Load(C2, P2, JFK)
Unload(C2, P2, JFK)
Load(C2, P2, JFK)
Unload(C2, P2, JFK)
Load(C2, P2, JFK)
Unload(C2, P2, JFK)
Load(C2, P2, JFK)
Unload(C2, P2, JFK)
Load(C2, P2, JFK)
Unload(C2, P2, JFK)
Load(C2, P2, JFK)
Unload(C2, P2, JFK)
Load(C2, P2, JFK)
Unload(C2, P2, JFK)
Load(C2, P2, JFK)
Unload(C2, P2, JFK)
Load(C2, P2, JFK)
Unload(C2, P2, JFK)
Load(C2, P2, JFK)
Unload(C2, P2, JFK)
Load(C2, P2, JFK)
Unload(C2, P2, JFK)
Load(C2, P2, JFK)
Unload(C2, P2, JFK)
Load(C2, P2, JFK)
Unload(C2, P2, JFK)
Load(C2, P2, JFK)
Unload(C2, P2, JFK)
Load(C2, P2, JFK)
Unload(C2, P2, JFK)
Load(C2, P2, JFK)
Unload(C2, P2, JFK)
Load(C2, P2, JFK)
Unload(C2, P2, JFK)
Load(C2, P2, JFK)
Unload(C2, P2, JFK)
Load(C2, P2, JFK)
Fly(P2, JFK, SFO)
Unload(C2, P2, SFO)
Fly(P1, SFO, JFK)
Unload(C1, P1, JFK)

Problem: 1, Strategy: 5

Solving Air Cargo Problem 1 using uniform_cost_search...

Expansions   Goal Tests   New Nodes
    55          57         224    

Plan length: 6  Time elapsed in seconds: 0.042831894010305405
Load(C1, P1, SFO)
Load(C2, P2, JFK)
Fly(P1, SFO, JFK)
Fly(P2, JFK, SFO)
Unload(C1, P1, JFK)
Unload(C2, P2, SFO)

Problem: 1, Strategy: 6

Solving Air Cargo Problem 1 using recursive_best_first_search with h_1...

Expansions   Goal Tests   New Nodes
   4229        4230       17029   

Plan length: 6  Time elapsed in seconds: 2.825443200999871
Load(C1, P1, SFO)
Load(C2, P2, JFK)
Fly(P2, JFK, SFO)
Unload(C2, P2, SFO)
Fly(P1, SFO, JFK)
Unload(C1, P1, JFK)

Problem: 1, Strategy: 7

Solving Air Cargo Problem 1 using greedy_best_first_graph_search with h_1...

Expansions   Goal Tests   New Nodes
    7           9           28    

Plan length: 6  Time elapsed in seconds: 0.006922333966940641
Load(C1, P1, SFO)
Load(C2, P2, JFK)
Fly(P1, SFO, JFK)
Fly(P2, JFK, SFO)
Unload(C1, P1, JFK)
Unload(C2, P2, SFO)

Problem: 1, Strategy: 8

Solving Air Cargo Problem 1 using astar_search with h_1...

Expansions   Goal Tests   New Nodes
    55          57         224    

Plan length: 6  Time elapsed in seconds: 0.0406882269307971
Load(C1, P1, SFO)
Load(C2, P2, JFK)
Fly(P1, SFO, JFK)
Fly(P2, JFK, SFO)
Unload(C1, P1, JFK)
Unload(C2, P2, SFO)

Problem: 1, Strategy: 9

Solving Air Cargo Problem 1 using astar_search with h_ignore_preconditions...

Expansions   Goal Tests   New Nodes
    41          43         170    

Plan length: 6  Time elapsed in seconds: 0.042787636863067746
Load(C1, P1, SFO)
Fly(P1, SFO, JFK)
Unload(C1, P1, JFK)
Load(C2, P2, JFK)
Fly(P2, JFK, SFO)
Unload(C2, P2, SFO)

Problem: 1, Strategy: 10

Solving Air Cargo Problem 1 using astar_search with h_pg_levelsum...

Expansions   Goal Tests   New Nodes
    55          57         224    

Plan length: 6  Time elapsed in seconds: 1.0464906201232225
Load(C1, P1, SFO)
Load(C2, P2, JFK)
Fly(P1, SFO, JFK)
Fly(P2, JFK, SFO)
Unload(C1, P1, JFK)
Unload(C2, P2, SFO)

Problem: 2, Strategy: 1

Solving Air Cargo Problem 2 using breadth_first_search...

Expansions   Goal Tests   New Nodes
   3343        4609       30509   

Plan length: 9  Time elapsed in seconds: 14.506959353107959
Load(C2, P2, JFK)
Load(C1, P1, SFO)
Load(C3, P3, ATL)
Fly(P2, JFK, SFO)
Unload(C2, P2, SFO)
Fly(P1, SFO, JFK)
Unload(C1, P1, JFK)
Fly(P3, ATL, SFO)
Unload(C3, P3, SFO)

Problem: 2, Strategy: 2
./run_all_tests.sh: line 3: 38639 Alarm clock: 14         perl -e 'alarm shift; exec @ARGV' "$@"
Problem: 2, Strategy: 3

Solving Air Cargo Problem 2 using depth_first_graph_search...

Expansions   Goal Tests   New Nodes
   582         583         5211   

Plan length: 575  Time elapsed in seconds: 3.0538124539889395
Fly(P3, ATL, SFO)
Fly(P1, SFO, ATL)
Fly(P3, SFO, JFK)
Fly(P1, ATL, JFK)
Fly(P2, JFK, ATL)
Fly(P3, JFK, ATL)
Fly(P2, ATL, SFO)
Fly(P3, ATL, SFO)
Load(C1, P3, SFO)
Fly(P3, SFO, ATL)
Fly(P2, SFO, ATL)
Fly(P3, ATL, JFK)
Fly(P2, ATL, JFK)
Fly(P1, JFK, ATL)
Fly(P3, JFK, ATL)
Fly(P1, ATL, SFO)
Unload(C1, P3, ATL)
Fly(P3, ATL, SFO)
Fly(P1, SFO, ATL)
Fly(P3, SFO, JFK)
Fly(P1, ATL, JFK)
Fly(P2, JFK, ATL)
Fly(P3, JFK, SFO)
Fly(P2, ATL, SFO)
Load(C2, P1, JFK)
Fly(P3, SFO, ATL)
Fly(P2, SFO, ATL)
Fly(P1, JFK, ATL)
Fly(P3, ATL, SFO)
Fly(P1, ATL, SFO)
Fly(P2, ATL, JFK)
Fly(P3, SFO, ATL)
Unload(C2, P1, SFO)
Fly(P3, ATL, JFK)
Fly(P1, SFO, ATL)
Fly(P2, JFK, ATL)
Fly(P1, ATL, JFK)
Fly(P2, ATL, SFO)
Fly(P3, JFK, ATL)
Fly(P1, JFK, ATL)
Fly(P3, ATL, SFO)
Fly(P1, ATL, SFO)
Load(C2, P3, SFO)
Fly(P3, SFO, ATL)
Fly(P2, SFO, ATL)
Fly(P3, ATL, JFK)
Fly(P1, SFO, ATL)
Fly(P2, ATL, SFO)
Load(C3, P1, ATL)
Fly(P1, ATL, SFO)
Fly(P2, SFO, ATL)
Fly(P1, SFO, JFK)
Fly(P2, ATL, JFK)
Fly(P3, JFK, ATL)
Fly(P1, JFK, ATL)
Fly(P3, ATL, SFO)
Fly(P1, ATL, SFO)
Unload(C2, P3, SFO)
Fly(P3, SFO, ATL)
Fly(P1, SFO, ATL)
Fly(P2, JFK, ATL)
Fly(P3, ATL, SFO)
Fly(P1, ATL, JFK)
Fly(P2, ATL, SFO)
Fly(P3, SFO, ATL)
Unload(C3, P1, JFK)
Fly(P3, ATL, JFK)
Fly(P2, SFO, ATL)
Fly(P1, JFK, ATL)
Fly(P2, ATL, JFK)
Fly(P1, ATL, SFO)
Fly(P3, JFK, ATL)
Fly(P2, JFK, ATL)
Fly(P3, ATL, SFO)
Fly(P2, ATL, SFO)
Fly(P1, SFO, ATL)
Load(C1, P1, ATL)
Fly(P1, ATL, SFO)
Fly(P3, SFO, ATL)
Fly(P2, SFO, ATL)
Fly(P3, ATL, JFK)
Fly(P2, ATL, JFK)
Fly(P1, SFO, JFK)
Fly(P3, JFK, ATL)
Fly(P1, JFK, ATL)
Load(C3, P2, JFK)
Fly(P3, ATL, SFO)
Fly(P1, ATL, SFO)
Fly(P2, JFK, ATL)
Fly(P3, SFO, ATL)
Fly(P2, ATL, SFO)
Fly(P3, ATL, JFK)
Fly(P1, SFO, ATL)
Fly(P2, SFO, ATL)
Fly(P1, ATL, JFK)
Unload(C3, P2, ATL)
Fly(P2, ATL, SFO)
Fly(P3, JFK, ATL)
Fly(P2, SFO, JFK)
Fly(P3, ATL, SFO)
Fly(P1, JFK, ATL)
Fly(P2, JFK, ATL)
Fly(P3, SFO, ATL)
Load(C3, P3, ATL)
Fly(P3, ATL, SFO)
Fly(P2, ATL, SFO)
Fly(P1, ATL, SFO)
Fly(P3, SFO, ATL)
Fly(P2, SFO, JFK)
Unload(C1, P1, SFO)
Fly(P3, ATL, SFO)
Fly(P1, SFO, ATL)
Fly(P3, SFO, JFK)
Fly(P1, ATL, JFK)
Fly(P2, JFK, ATL)
Fly(P3, JFK, ATL)
Fly(P2, ATL, SFO)
Fly(P3, ATL, SFO)
Unload(C3, P3, SFO)
Fly(P3, SFO, ATL)
Fly(P2, SFO, ATL)
Fly(P3, ATL, JFK)
Fly(P2, ATL, JFK)
Fly(P1, JFK, ATL)
Fly(P3, JFK, ATL)
Fly(P1, ATL, SFO)
Load(C3, P1, SFO)
Fly(P3, ATL, SFO)
Fly(P1, SFO, ATL)
Fly(P3, SFO, JFK)
Fly(P1, ATL, JFK)
Fly(P2, JFK, ATL)
Fly(P3, JFK, ATL)
Fly(P2, ATL, SFO)
Fly(P3, ATL, SFO)
Unload(C3, P1, JFK)
Fly(P2, SFO, ATL)
Fly(P1, JFK, ATL)
Fly(P2, ATL, JFK)
Fly(P1, ATL, SFO)
Fly(P3, SFO, ATL)
Fly(P1, SFO, JFK)
Load(C3, P2, JFK)
Fly(P3, ATL, SFO)
Fly(P2, JFK, ATL)
Fly(P3, SFO, JFK)
Fly(P2, ATL, SFO)
Fly(P1, JFK, ATL)
Fly(P2, SFO, JFK)
Fly(P1, ATL, SFO)
Load(C2, P1, SFO)
Fly(P1, SFO, ATL)
Fly(P3, JFK, ATL)
Fly(P1, ATL, JFK)
Fly(P3, ATL, SFO)
Fly(P2, JFK, ATL)
Fly(P3, SFO, JFK)
Fly(P2, ATL, SFO)
Unload(C3, P2, SFO)
Fly(P2, SFO, ATL)
Fly(P3, JFK, ATL)
Fly(P2, ATL, JFK)
Fly(P3, ATL, SFO)
Fly(P1, JFK, ATL)
Fly(P3, SFO, JFK)
Fly(P1, ATL, SFO)
Load(C3, P1, SFO)
Fly(P1, SFO, ATL)
Fly(P3, JFK, ATL)
Fly(P1, ATL, JFK)
Fly(P3, ATL, SFO)
Fly(P2, JFK, ATL)
Fly(P3, SFO, JFK)
Fly(P2, ATL, SFO)
Unload(C3, P1, JFK)
Fly(P2, SFO, JFK)
Unload(C2, P1, JFK)
Fly(P3, JFK, ATL)
Fly(P2, JFK, ATL)
Fly(P3, ATL, SFO)
Fly(P2, ATL, SFO)
Fly(P1, JFK, ATL)
Fly(P3, SFO, ATL)
Fly(P1, ATL, SFO)
Fly(P3, ATL, JFK)
Fly(P2, SFO, ATL)
Fly(P1, SFO, ATL)
Load(C3, P3, JFK)
Fly(P2, ATL, SFO)
Fly(P1, ATL, JFK)
Fly(P3, JFK, SFO)
Fly(P2, SFO, ATL)
Fly(P1, JFK, SFO)
Fly(P2, ATL, JFK)
Fly(P1, SFO, ATL)
Fly(P3, SFO, ATL)
Fly(P1, ATL, JFK)
Load(C2, P2, JFK)
Fly(P3, ATL, SFO)
Fly(P2, JFK, ATL)
Fly(P3, SFO, JFK)
Fly(P2, ATL, SFO)
Fly(P1, JFK, ATL)
Fly(P2, SFO, JFK)
Fly(P1, ATL, SFO)
Unload(C3, P3, JFK)
Fly(P3, JFK, ATL)
Fly(P1, SFO, ATL)
Fly(P3, ATL, SFO)
Fly(P1, ATL, JFK)
Fly(P2, JFK, ATL)
Fly(P3, SFO, ATL)
Fly(P2, ATL, SFO)
Load(C1, P2, SFO)
Fly(P3, ATL, SFO)
Fly(P2, SFO, ATL)
Fly(P3, SFO, JFK)
Fly(P2, ATL, JFK)
Fly(P1, JFK, ATL)
Fly(P3, JFK, ATL)
Fly(P1, ATL, SFO)
Fly(P3, ATL, SFO)
Unload(C2, P2, JFK)
Fly(P1, SFO, ATL)
Fly(P2, JFK, ATL)
Fly(P1, ATL, JFK)
Fly(P3, SFO, ATL)
Fly(P2, ATL, SFO)
Fly(P3, ATL, JFK)
Fly(P1, JFK, ATL)
Load(C2, P3, JFK)
Fly(P1, ATL, SFO)
Fly(P2, SFO, ATL)
Fly(P1, SFO, JFK)
Fly(P2, ATL, JFK)
Fly(P3, JFK, ATL)
Fly(P1, JFK, ATL)
Fly(P3, ATL, SFO)
Fly(P1, ATL, SFO)
Unload(C2, P3, SFO)
Fly(P3, SFO, ATL)
Fly(P1, SFO, ATL)
Fly(P3, ATL, JFK)
Fly(P1, ATL, JFK)
Fly(P2, JFK, SFO)
Fly(P1, JFK, SFO)
Fly(P2, SFO, ATL)
Load(C2, P1, SFO)
Fly(P2, ATL, JFK)
Fly(P1, SFO, ATL)
Fly(P3, JFK, ATL)
Fly(P1, ATL, JFK)
Fly(P3, ATL, SFO)
Fly(P2, JFK, SFO)
Fly(P1, JFK, ATL)
Fly(P2, SFO, ATL)
Unload(C1, P2, ATL)
Fly(P2, ATL, SFO)
Fly(P1, ATL, JFK)
Fly(P3, SFO, ATL)
Fly(P2, SFO, ATL)
Fly(P3, ATL, JFK)
Fly(P2, ATL, JFK)
Fly(P1, JFK, ATL)
Fly(P3, JFK, ATL)
Unload(C2, P1, ATL)
Fly(P3, ATL, SFO)
Fly(P1, ATL, SFO)
Fly(P3, SFO, JFK)
Fly(P1, SFO, JFK)
Fly(P2, JFK, ATL)
Fly(P3, JFK, ATL)
Fly(P2, ATL, SFO)
Fly(P3, ATL, SFO)
Load(C3, P1, JFK)
Fly(P2, SFO, ATL)
Fly(P1, JFK, ATL)
Fly(P2, ATL, JFK)
Fly(P1, ATL, SFO)
Fly(P3, SFO, ATL)
Fly(P2, JFK, ATL)
Fly(P3, ATL, JFK)
Fly(P2, ATL, SFO)
Fly(P1, SFO, ATL)
Fly(P3, JFK, ATL)
Unload(C3, P1, ATL)
Fly(P3, ATL, SFO)
Fly(P1, ATL, SFO)
Fly(P2, SFO, ATL)
Fly(P3, SFO, JFK)
Fly(P2, ATL, JFK)
Fly(P1, SFO, ATL)
Load(C2, P1, ATL)
Fly(P2, JFK, SFO)
Load(C1, P1, ATL)
Fly(P1, ATL, SFO)
Fly(P2, SFO, ATL)
Fly(P1, SFO, JFK)
Fly(P2, ATL, JFK)
Fly(P3, JFK, ATL)
Fly(P1, JFK, ATL)
Fly(P3, ATL, SFO)
Fly(P1, ATL, SFO)
Unload(C1, P1, SFO)
Fly(P3, SFO, ATL)
Fly(P2, JFK, ATL)
Fly(P1, SFO, ATL)
Fly(P3, ATL, SFO)
Fly(P2, ATL, SFO)
Fly(P3, SFO, JFK)
Fly(P1, ATL, JFK)
Load(C1, P2, SFO)
Fly(P2, SFO, ATL)
Fly(P1, JFK, ATL)
Fly(P2, ATL, JFK)
Fly(P1, ATL, SFO)
Fly(P3, JFK, ATL)
Fly(P1, SFO, JFK)
Fly(P3, ATL, SFO)
Unload(C1, P2, JFK)
Fly(P2, JFK, ATL)
Fly(P3, SFO, ATL)
Fly(P2, ATL, SFO)
Fly(P3, ATL, JFK)
Fly(P1, JFK, ATL)
Fly(P2, SFO, ATL)
Fly(P1, ATL, SFO)
Unload(C2, P1, SFO)
Fly(P2, ATL, SFO)
Fly(P1, SFO, ATL)
Fly(P2, SFO, JFK)
Fly(P1, ATL, JFK)
Load(C1, P3, JFK)
Fly(P3, JFK, ATL)
Fly(P2, JFK, ATL)
Fly(P3, ATL, SFO)
Fly(P2, ATL, SFO)
Fly(P1, JFK, ATL)
Fly(P2, SFO, JFK)
Fly(P1, ATL, SFO)
Load(C2, P3, SFO)
Fly(P3, SFO, ATL)
Fly(P1, SFO, ATL)
Fly(P2, JFK, ATL)
Fly(P3, ATL, SFO)
Unload(C1, P3, SFO)
Fly(P2, ATL, SFO)
Fly(P1, ATL, SFO)
Fly(P3, SFO, ATL)
Fly(P2, SFO, ATL)
Fly(P3, ATL, JFK)
Fly(P2, ATL, JFK)
Load(C1, P1, SFO)
Fly(P1, SFO, ATL)
Fly(P3, JFK, ATL)
Fly(P1, ATL, JFK)
Fly(P2, JFK, ATL)
Fly(P3, ATL, SFO)
Fly(P2, ATL, SFO)
Fly(P3, SFO, JFK)
Unload(C2, P3, JFK)
Fly(P3, JFK, ATL)
Fly(P2, SFO, ATL)
Fly(P3, ATL, SFO)
Fly(P2, ATL, JFK)
Load(C2, P2, JFK)
Fly(P3, SFO, ATL)
Fly(P2, JFK, ATL)
Fly(P3, ATL, JFK)
Fly(P1, JFK, ATL)
Fly(P2, ATL, SFO)
Fly(P1, ATL, SFO)
Fly(P2, SFO, JFK)
Unload(C1, P1, SFO)
Fly(P2, JFK, ATL)
Fly(P1, SFO, ATL)
Fly(P2, ATL, SFO)
Fly(P1, ATL, JFK)
Fly(P3, JFK, ATL)
Fly(P2, SFO, ATL)
Fly(P3, ATL, SFO)
Fly(P2, ATL, JFK)
Load(C1, P3, SFO)
Fly(P3, SFO, ATL)
Fly(P2, JFK, ATL)
Fly(P3, ATL, JFK)
Fly(P2, ATL, SFO)
Fly(P1, JFK, ATL)
Fly(P3, JFK, ATL)
Fly(P1, ATL, SFO)
Fly(P3, ATL, SFO)
Fly(P2, SFO, ATL)
Fly(P1, SFO, ATL)
Unload(C2, P2, ATL)
Fly(P2, ATL, SFO)
Fly(P1, ATL, SFO)
Fly(P3, SFO, ATL)
Fly(P2, SFO, ATL)
Fly(P3, ATL, JFK)
Fly(P2, ATL, JFK)
Fly(P1, SFO, ATL)
Unload(C1, P3, JFK)
Fly(P1, ATL, JFK)
Fly(P3, JFK, ATL)
Fly(P2, JFK, ATL)
Fly(P3, ATL, SFO)
Fly(P2, ATL, SFO)
Fly(P1, JFK, ATL)
Fly(P3, SFO, ATL)
Fly(P1, ATL, SFO)
Load(C3, P3, ATL)
Fly(P3, ATL, SFO)
Fly(P2, SFO, ATL)
Fly(P1, SFO, ATL)
Fly(P2, ATL, JFK)
Fly(P1, ATL, JFK)
Fly(P3, SFO, JFK)
Fly(P2, JFK, ATL)
Unload(C3, P3, JFK)
Fly(P2, ATL, SFO)
Fly(P3, JFK, ATL)
Fly(P2, SFO, JFK)
Fly(P3, ATL, SFO)
Fly(P1, JFK, ATL)
Fly(P3, SFO, JFK)
Fly(P1, ATL, SFO)
Load(C1, P3, JFK)
Fly(P1, SFO, JFK)
Fly(P3, JFK, ATL)
Load(C2, P3, ATL)
Fly(P3, ATL, SFO)
Fly(P2, JFK, ATL)
Fly(P3, SFO, JFK)
Fly(P2, ATL, SFO)
Fly(P1, JFK, ATL)
Fly(P2, SFO, JFK)
Fly(P1, ATL, SFO)
Unload(C2, P3, JFK)
Fly(P1, SFO, JFK)
Fly(P3, JFK, ATL)
Fly(P2, JFK, ATL)
Fly(P1, JFK, ATL)
Fly(P3, ATL, SFO)
Fly(P1, ATL, SFO)
Fly(P2, ATL, SFO)
Fly(P3, SFO, ATL)
Unload(C1, P3, ATL)
Fly(P3, ATL, SFO)
Fly(P2, SFO, ATL)
Fly(P3, SFO, JFK)
Fly(P2, ATL, JFK)
Fly(P1, SFO, ATL)
Fly(P3, JFK, ATL)
Load(C1, P1, ATL)
Fly(P3, ATL, SFO)
Fly(P1, ATL, SFO)
Fly(P3, SFO, JFK)
Fly(P1, SFO, JFK)
Fly(P2, JFK, ATL)
Fly(P3, JFK, ATL)
Fly(P2, ATL, SFO)
Fly(P3, ATL, SFO)
Unload(C1, P1, JFK)
Fly(P2, SFO, ATL)
Fly(P1, JFK, ATL)
Fly(P3, SFO, ATL)
Fly(P2, ATL, SFO)
Fly(P1, ATL, SFO)
Fly(P3, ATL, JFK)
Fly(P2, SFO, ATL)
Load(C3, P3, JFK)
Fly(P2, ATL, JFK)
Fly(P1, SFO, ATL)
Fly(P3, JFK, ATL)
Fly(P1, ATL, JFK)
Fly(P3, ATL, SFO)
Fly(P2, JFK, ATL)
Fly(P1, JFK, ATL)
Fly(P2, ATL, SFO)
Fly(P1, ATL, SFO)
Fly(P3, SFO, ATL)
Unload(C3, P3, ATL)
Fly(P3, ATL, SFO)
Fly(P2, SFO, ATL)
Fly(P1, SFO, ATL)
Fly(P2, ATL, JFK)
Load(C3, P1, ATL)
Fly(P1, ATL, SFO)
Fly(P3, SFO, ATL)
Fly(P1, SFO, JFK)
Fly(P3, ATL, JFK)
Fly(P2, JFK, ATL)
Fly(P1, JFK, ATL)
Fly(P2, ATL, SFO)
Fly(P1, ATL, SFO)
Unload(C3, P1, SFO)
Fly(P2, SFO, ATL)
Fly(P1, SFO, ATL)
Fly(P2, ATL, JFK)
Fly(P1, ATL, JFK)
Fly(P3, JFK, ATL)
Fly(P2, JFK, ATL)
Load(C2, P1, JFK)
Fly(P3, ATL, SFO)
Fly(P2, ATL, SFO)
Fly(P3, SFO, JFK)
Fly(P1, JFK, ATL)
Fly(P2, SFO, ATL)
Fly(P1, ATL, SFO)
Fly(P2, ATL, JFK)
Fly(P3, JFK, ATL)
Fly(P1, SFO, ATL)
Fly(P3, ATL, SFO)
Load(C1, P2, JFK)
Fly(P1, ATL, SFO)
Fly(P2, JFK, ATL)
Fly(P3, SFO, ATL)
Fly(P2, ATL, SFO)
Fly(P3, ATL, JFK)
Fly(P1, SFO, ATL)
Fly(P2, SFO, ATL)
Fly(P1, ATL, JFK)
Unload(C1, P2, ATL)
Fly(P2, ATL, SFO)
Fly(P3, JFK, ATL)
Fly(P2, SFO, JFK)
Fly(P3, ATL, SFO)
Fly(P1, JFK, ATL)
Fly(P3, SFO, JFK)
Fly(P1, ATL, SFO)
Unload(C2, P1, SFO)
Fly(P1, SFO, ATL)
Fly(P3, JFK, ATL)
Fly(P1, ATL, JFK)
Fly(P3, ATL, SFO)
Fly(P2, JFK, ATL)
Fly(P3, SFO, JFK)
Fly(P2, ATL, SFO)
Load(C3, P2, SFO)
Fly(P2, SFO, JFK)
Fly(P3, JFK, ATL)
Fly(P2, JFK, ATL)
Fly(P3, ATL, SFO)
Fly(P1, JFK, ATL)
Fly(P2, ATL, SFO)
Fly(P1, ATL, SFO)
Fly(P3, SFO, ATL)
Unload(C3, P2, SFO)
Fly(P2, SFO, ATL)
Load(C1, P3, ATL)
Fly(P3, ATL, SFO)
Fly(P2, ATL, SFO)
Fly(P1, SFO, ATL)
Fly(P3, SFO, ATL)
Fly(P1, ATL, JFK)
Fly(P3, ATL, JFK)
Fly(P2, SFO, ATL)
Fly(P1, JFK, ATL)
Fly(P2, ATL, JFK)
Fly(P1, ATL, SFO)
Load(C3, P1, SFO)
Fly(P1, SFO, ATL)
Fly(P2, JFK, ATL)
Fly(P1, ATL, JFK)
Fly(P2, ATL, SFO)
Unload(C1, P3, JFK)
Fly(P2, SFO, JFK)
Fly(P3, JFK, ATL)
Fly(P2, JFK, ATL)
Fly(P3, ATL, SFO)
Fly(P1, JFK, ATL)
Fly(P2, ATL, SFO)
Fly(P1, ATL, SFO)
Fly(P3, SFO, ATL)
Unload(C3, P1, SFO)

Problem: 2, Strategy: 4
./run_all_tests.sh: line 3: 39551 Alarm clock: 14         perl -e 'alarm shift; exec @ARGV' "$@"
Problem: 2, Strategy: 5

Solving Air Cargo Problem 2 using uniform_cost_search...

Expansions   Goal Tests   New Nodes
   4853        4855       44041   

Plan length: 9  Time elapsed in seconds: 12.14084414485842
Load(C1, P1, SFO)
Load(C2, P2, JFK)
Load(C3, P3, ATL)
Fly(P1, SFO, JFK)
Fly(P2, JFK, SFO)
Fly(P3, ATL, SFO)
Unload(C3, P3, SFO)
Unload(C1, P1, JFK)
Unload(C2, P2, SFO)

Problem: 2, Strategy: 6
./run_all_tests.sh: line 3: 40471 Alarm clock: 14         perl -e 'alarm shift; exec @ARGV' "$@"
Problem: 2, Strategy: 7

Solving Air Cargo Problem 2 using greedy_best_first_graph_search with h_1...

Expansions   Goal Tests   New Nodes
   998         1000        8982   

Plan length: 17  Time elapsed in seconds: 2.472799369832501
Load(C1, P1, SFO)
Load(C2, P2, JFK)
Load(C3, P3, ATL)
Fly(P1, SFO, ATL)
Fly(P2, JFK, ATL)
Fly(P3, ATL, JFK)
Fly(P1, ATL, JFK)
Unload(C1, P1, JFK)
Load(C1, P3, JFK)
Fly(P1, JFK, ATL)
Fly(P2, ATL, SFO)
Unload(C2, P2, SFO)
Fly(P2, SFO, ATL)
Fly(P3, JFK, SFO)
Unload(C3, P3, SFO)
Fly(P3, SFO, JFK)
Unload(C1, P3, JFK)

Problem: 2, Strategy: 8

Solving Air Cargo Problem 2 using astar_search with h_1...

Expansions   Goal Tests   New Nodes
   4853        4855       44041   

Plan length: 9  Time elapsed in seconds: 12.371083065867424
Load(C1, P1, SFO)
Load(C2, P2, JFK)
Load(C3, P3, ATL)
Fly(P1, SFO, JFK)
Fly(P2, JFK, SFO)
Fly(P3, ATL, SFO)
Unload(C3, P3, SFO)
Unload(C1, P1, JFK)
Unload(C2, P2, SFO)

Problem: 2, Strategy: 9

Solving Air Cargo Problem 2 using astar_search with h_ignore_preconditions...

Expansions   Goal Tests   New Nodes
   1450        1452       13303   

Plan length: 9  Time elapsed in seconds: 4.507509229006246
Load(C3, P3, ATL)
Fly(P3, ATL, SFO)
Unload(C3, P3, SFO)
Load(C1, P1, SFO)
Fly(P1, SFO, JFK)
Unload(C1, P1, JFK)
Load(C2, P2, JFK)
Fly(P2, JFK, SFO)
Unload(C2, P2, SFO)

Problem: 2, Strategy: 10

Solving Air Cargo Problem 2 using astar_search with h_pg_levelsum...

Expansions   Goal Tests   New Nodes
   4853        4855       44041   

Plan length: 9  Time elapsed in seconds: 545.817058849847
Load(C1, P1, SFO)
Load(C2, P2, JFK)
Load(C3, P3, ATL)
Fly(P1, SFO, JFK)
Fly(P2, JFK, SFO)
Fly(P3, ATL, SFO)
Unload(C3, P3, SFO)
Unload(C1, P1, JFK)
Unload(C2, P2, SFO)

Problem: 3, Strategy: 1

Solving Air Cargo Problem 3 using breadth_first_search...

Expansions   Goal Tests   New Nodes
  14663       18098       129631  

Plan length: 12  Time elapsed in seconds: 105.7890194519423
Load(C2, P2, JFK)
Load(C1, P1, SFO)
Fly(P2, JFK, ORD)
Load(C4, P2, ORD)
Fly(P1, SFO, ATL)
Load(C3, P1, ATL)
Fly(P1, ATL, JFK)
Unload(C1, P1, JFK)
Unload(C3, P1, JFK)
Fly(P2, ORD, SFO)
Unload(C2, P2, SFO)
Unload(C4, P2, SFO)

Problem: 3, Strategy: 2
./run_all_tests.sh: line 3: 42354 Alarm clock: 14         perl -e 'alarm shift; exec @ARGV' "$@"
Problem: 3, Strategy: 3

Solving Air Cargo Problem 3 using depth_first_graph_search...

Expansions   Goal Tests   New Nodes
   627         628         5176   

Plan length: 596  Time elapsed in seconds: 3.34128280589357
Fly(P1, SFO, ORD)
Fly(P2, JFK, ORD)
Fly(P1, ORD, ATL)
Fly(P2, ORD, ATL)
Fly(P1, ATL, JFK)
Fly(P2, ATL, SFO)
Load(C1, P2, SFO)
Fly(P2, SFO, ORD)
Fly(P1, JFK, ORD)
Fly(P2, ORD, ATL)
Fly(P1, ORD, ATL)
Fly(P2, ATL, JFK)
Fly(P1, ATL, SFO)
Unload(C1, P2, JFK)
Fly(P1, SFO, ORD)
Fly(P2, JFK, ORD)
Fly(P1, ORD, ATL)
Fly(P2, ORD, ATL)
Fly(P1, ATL, JFK)
Fly(P2, ATL, SFO)
Load(C2, P1, JFK)
Fly(P2, SFO, ORD)
Fly(P1, JFK, ORD)
Fly(P2, ORD, ATL)
Fly(P1, ORD, ATL)
Fly(P2, ATL, JFK)
Fly(P1, ATL, SFO)
Unload(C2, P1, SFO)
Fly(P1, SFO, ORD)
Fly(P2, JFK, ORD)
Fly(P1, ORD, ATL)
Fly(P2, ORD, ATL)
Fly(P1, ATL, JFK)
Fly(P2, ATL, SFO)
Load(C2, P2, SFO)
Fly(P2, SFO, ORD)
Fly(P1, JFK, ORD)
Fly(P2, ORD, ATL)
Fly(P1, ORD, ATL)
Fly(P2, ATL, JFK)
Load(C3, P1, ATL)
Fly(P1, ATL, ORD)
Fly(P2, JFK, ORD)
Fly(P1, ORD, SFO)
Fly(P2, ORD, ATL)
Fly(P1, SFO, JFK)
Fly(P2, ATL, SFO)
Unload(C2, P2, SFO)
Fly(P2, SFO, ORD)
Fly(P1, JFK, ORD)
Fly(P2, ORD, ATL)
Fly(P1, ORD, SFO)
Fly(P2, ATL, JFK)
Fly(P1, SFO, ATL)
Load(C1, P2, JFK)
Fly(P1, ATL, ORD)
Fly(P2, JFK, ORD)
Fly(P1, ORD, SFO)
Fly(P2, ORD, ATL)
Fly(P1, SFO, JFK)
Fly(P2, ATL, SFO)
Unload(C1, P2, SFO)
Fly(P2, SFO, ORD)
Fly(P1, JFK, ORD)
Fly(P2, ORD, ATL)
Fly(P1, ORD, ATL)
Fly(P2, ATL, JFK)
Fly(P1, ATL, SFO)
Unload(C3, P1, SFO)
Fly(P1, SFO, ORD)
Fly(P2, JFK, ORD)
Fly(P1, ORD, ATL)
Fly(P2, ORD, ATL)
Fly(P1, ATL, JFK)
Fly(P2, ATL, SFO)
Load(C3, P2, SFO)
Fly(P2, SFO, ORD)
Fly(P1, JFK, ORD)
Fly(P2, ORD, ATL)
Fly(P1, ORD, ATL)
Fly(P2, ATL, JFK)
Fly(P1, ATL, SFO)
Unload(C3, P2, JFK)
Fly(P1, SFO, ORD)
Fly(P2, JFK, ORD)
Fly(P1, ORD, ATL)
Fly(P2, ORD, SFO)
Load(C2, P2, SFO)
Fly(P1, ATL, ORD)
Fly(P2, SFO, ORD)
Fly(P1, ORD, SFO)
Fly(P2, ORD, ATL)
Fly(P1, SFO, JFK)
Fly(P2, ATL, JFK)
Unload(C2, P2, JFK)
Fly(P2, JFK, ORD)
Fly(P1, JFK, ORD)
Fly(P2, ORD, ATL)
Fly(P1, ORD, ATL)
Fly(P2, ATL, SFO)
Fly(P1, ATL, SFO)
Load(C1, P2, SFO)
Fly(P2, SFO, ORD)
Fly(P1, SFO, ORD)
Fly(P2, ORD, ATL)
Fly(P1, ORD, ATL)
Fly(P2, ATL, JFK)
Fly(P1, ATL, JFK)
Unload(C1, P2, JFK)
Fly(P2, JFK, ORD)
Fly(P1, JFK, ORD)
Fly(P2, ORD, ATL)
Load(C4, P1, ORD)
Fly(P1, ORD, ATL)
Fly(P2, ATL, ORD)
Fly(P1, ATL, SFO)
Fly(P2, ORD, SFO)
Fly(P1, SFO, JFK)
Fly(P2, SFO, JFK)
Unload(C4, P1, JFK)
Fly(P2, JFK, ORD)
Load(C3, P1, JFK)
Fly(P2, ORD, ATL)
Fly(P1, JFK, ORD)
Fly(P2, ATL, SFO)
Fly(P1, ORD, ATL)
Fly(P2, SFO, JFK)
Fly(P1, ATL, SFO)
Unload(C3, P1, SFO)
Fly(P1, SFO, ORD)
Fly(P2, JFK, ORD)
Fly(P1, ORD, ATL)
Fly(P2, ORD, ATL)
Fly(P1, ATL, JFK)
Fly(P2, ATL, SFO)
Load(C3, P2, SFO)
Fly(P2, SFO, ORD)
Fly(P1, JFK, ORD)
Fly(P2, ORD, ATL)
Fly(P1, ORD, ATL)
Fly(P2, ATL, JFK)
Fly(P1, ATL, SFO)
Load(C4, P2, JFK)
Fly(P1, SFO, ORD)
Fly(P2, JFK, ORD)
Fly(P1, ORD, ATL)
Fly(P2, ORD, ATL)
Fly(P1, ATL, JFK)
Fly(P2, ATL, SFO)
Unload(C4, P2, SFO)
Fly(P2, SFO, ORD)
Fly(P1, JFK, ORD)
Fly(P2, ORD, ATL)
Fly(P1, ORD, ATL)
Fly(P2, ATL, JFK)
Fly(P1, ATL, SFO)
Unload(C3, P2, JFK)
Fly(P1, SFO, ORD)
Fly(P2, JFK, ORD)
Fly(P1, ORD, ATL)
Fly(P2, ORD, ATL)
Fly(P1, ATL, JFK)
Fly(P2, ATL, SFO)
Load(C4, P2, SFO)
Fly(P2, SFO, ATL)
Fly(P1, JFK, ORD)
Unload(C4, P2, ATL)
Fly(P1, ORD, SFO)
Fly(P2, ATL, ORD)
Fly(P1, SFO, JFK)
Fly(P2, ORD, SFO)
Fly(P1, JFK, ATL)
Fly(P2, SFO, JFK)
Load(C3, P2, JFK)
Fly(P1, ATL, ORD)
Fly(P2, JFK, ORD)
Fly(P1, ORD, SFO)
Fly(P2, ORD, ATL)
Unload(C3, P2, ATL)
Fly(P2, ATL, ORD)
Fly(P1, SFO, ORD)
Fly(P2, ORD, SFO)
Fly(P1, ORD, ATL)
Fly(P2, SFO, JFK)
Fly(P1, ATL, JFK)
Load(C2, P2, JFK)
Fly(P2, JFK, ORD)
Fly(P1, JFK, ORD)
Fly(P2, ORD, ATL)
Fly(P1, ORD, ATL)
Fly(P2, ATL, SFO)
Fly(P1, ATL, SFO)
Unload(C2, P2, SFO)
Fly(P2, SFO, ORD)
Fly(P1, SFO, ORD)
Fly(P2, ORD, ATL)
Fly(P1, ORD, ATL)
Fly(P2, ATL, JFK)
Fly(P1, ATL, JFK)
Load(C1, P2, JFK)
Fly(P2, JFK, ORD)
Fly(P1, JFK, ORD)
Fly(P2, ORD, ATL)
Fly(P1, ORD, ATL)
Fly(P2, ATL, SFO)
Fly(P1, ATL, SFO)
Unload(C1, P2, SFO)
Fly(P2, SFO, ORD)
Fly(P1, SFO, ORD)
Fly(P2, ORD, ATL)
Fly(P1, ORD, ATL)
Fly(P2, ATL, JFK)
Load(C4, P1, ATL)
Fly(P1, ATL, ORD)
Fly(P2, JFK, ORD)
Fly(P1, ORD, SFO)
Fly(P2, ORD, ATL)
Fly(P1, SFO, JFK)
Fly(P2, ATL, SFO)
Unload(C4, P1, JFK)
Fly(P2, SFO, ORD)
Fly(P1, JFK, ORD)
Fly(P2, ORD, ATL)
Fly(P1, ORD, ATL)
Fly(P2, ATL, JFK)
Fly(P1, ATL, SFO)
Load(C2, P1, SFO)
Fly(P1, SFO, ORD)
Fly(P2, JFK, ORD)
Fly(P1, ORD, ATL)
Fly(P2, ORD, ATL)
Fly(P1, ATL, JFK)
Fly(P2, ATL, SFO)
Unload(C2, P1, JFK)
Fly(P2, SFO, ORD)
Fly(P1, JFK, ORD)
Fly(P2, ORD, ATL)
Fly(P1, ORD, ATL)
Fly(P2, ATL, JFK)
Fly(P1, ATL, SFO)
Load(C1, P1, SFO)
Fly(P1, SFO, ORD)
Fly(P2, JFK, ORD)
Fly(P1, ORD, ATL)
Fly(P2, ORD, ATL)
Fly(P1, ATL, JFK)
Fly(P2, ATL, SFO)
Unload(C1, P1, JFK)
Fly(P2, SFO, ORD)
Fly(P1, JFK, ORD)
Fly(P2, ORD, JFK)
Fly(P1, ORD, SFO)
Load(C4, P2, JFK)
Fly(P1, SFO, ATL)
Fly(P2, JFK, SFO)
Fly(P1, ATL, ORD)
Unload(C4, P2, SFO)
Fly(P1, ORD, SFO)
Fly(P2, SFO, ORD)
Fly(P1, SFO, ATL)
Fly(P2, ORD, JFK)
Fly(P1, ATL, JFK)
Fly(P2, JFK, ATL)
Load(C2, P1, JFK)
Fly(P2, ATL, ORD)
Fly(P1, JFK, ORD)
Fly(P2, ORD, SFO)
Fly(P1, ORD, ATL)
Fly(P2, SFO, JFK)
Fly(P1, ATL, SFO)
Unload(C2, P1, SFO)
Fly(P1, SFO, ORD)
Fly(P2, JFK, ORD)
Fly(P1, ORD, ATL)
Fly(P2, ORD, ATL)
Fly(P1, ATL, JFK)
Fly(P2, ATL, SFO)
Load(C4, P2, SFO)
Fly(P2, SFO, ORD)
Fly(P1, JFK, SFO)
Fly(P2, ORD, ATL)
Load(C3, P2, ATL)
Fly(P2, ATL, ORD)
Fly(P1, SFO, ORD)
Fly(P2, ORD, SFO)
Fly(P1, ORD, ATL)
Fly(P2, SFO, JFK)
Fly(P1, ATL, JFK)
Unload(C4, P2, JFK)
Fly(P2, JFK, ORD)
Fly(P1, JFK, ORD)
Fly(P2, ORD, ATL)
Fly(P1, ORD, ATL)
Fly(P2, ATL, SFO)
Fly(P1, ATL, SFO)
Unload(C3, P2, SFO)
Fly(P2, SFO, ORD)
Fly(P1, SFO, ORD)
Fly(P2, ORD, ATL)
Fly(P1, ORD, ATL)
Fly(P2, ATL, JFK)
Fly(P1, ATL, JFK)
Load(C4, P2, JFK)
Fly(P2, JFK, ORD)
Fly(P1, JFK, ORD)
Fly(P2, ORD, ATL)
Fly(P1, ORD, ATL)
Unload(C4, P2, ATL)
Fly(P2, ATL, ORD)
Fly(P1, ATL, ORD)
Fly(P2, ORD, SFO)
Fly(P1, ORD, SFO)
Fly(P2, SFO, JFK)
Fly(P1, SFO, JFK)
Load(C1, P2, JFK)
Fly(P2, JFK, ORD)
Fly(P1, JFK, ORD)
Fly(P2, ORD, ATL)
Fly(P1, ORD, ATL)
Fly(P2, ATL, SFO)
Fly(P1, ATL, SFO)
Unload(C1, P2, SFO)
Fly(P2, SFO, ORD)
Fly(P1, SFO, ORD)
Fly(P2, ORD, ATL)
Fly(P1, ORD, ATL)
Fly(P2, ATL, JFK)
Load(C4, P1, ATL)
Fly(P1, ATL, SFO)
Fly(P2, JFK, ORD)
Fly(P1, SFO, JFK)
Fly(P2, ORD, ATL)
Fly(P1, JFK, ORD)
Fly(P2, ATL, SFO)
Load(C3, P2, SFO)
Fly(P1, ORD, ATL)
Fly(P2, SFO, ORD)
Fly(P1, ATL, SFO)
Fly(P2, ORD, JFK)
Fly(P1, SFO, JFK)
Unload(C3, P2, JFK)
Fly(P2, JFK, ORD)
Fly(P1, JFK, ATL)
Fly(P2, ORD, ATL)
Fly(P1, ATL, ORD)
Fly(P2, ATL, SFO)
Fly(P1, ORD, SFO)
Unload(C4, P1, SFO)
Fly(P2, SFO, ORD)
Fly(P1, SFO, ORD)
Fly(P2, ORD, ATL)
Fly(P1, ORD, ATL)
Fly(P2, ATL, JFK)
Fly(P1, ATL, JFK)
Load(C3, P2, JFK)
Fly(P2, JFK, ORD)
Fly(P1, JFK, ORD)
Fly(P2, ORD, ATL)
Fly(P1, ORD, ATL)
Fly(P2, ATL, SFO)
Fly(P1, ATL, SFO)
Unload(C3, P2, SFO)
Fly(P1, SFO, ORD)
Load(C4, P2, SFO)
Fly(P1, ORD, ATL)
Fly(P2, SFO, JFK)
Fly(P1, ATL, SFO)
Fly(P2, JFK, ORD)
Load(C3, P1, SFO)
Fly(P2, ORD, ATL)
Fly(P1, SFO, ORD)
Fly(P2, ATL, SFO)
Fly(P1, ORD, ATL)
Fly(P2, SFO, JFK)
Fly(P1, ATL, JFK)
Unload(C4, P2, JFK)
Fly(P2, JFK, ORD)
Fly(P1, JFK, ORD)
Fly(P2, ORD, ATL)
Fly(P1, ORD, SFO)
Fly(P2, ATL, SFO)
Fly(P1, SFO, ATL)
Load(C2, P2, SFO)
Fly(P1, ATL, ORD)
Fly(P2, SFO, ORD)
Fly(P1, ORD, SFO)
Fly(P2, ORD, ATL)
Fly(P1, SFO, JFK)
Fly(P2, ATL, JFK)
Unload(C2, P2, JFK)
Fly(P2, JFK, ORD)
Fly(P1, JFK, ORD)
Fly(P2, ORD, ATL)
Fly(P1, ORD, SFO)
Fly(P2, ATL, SFO)
Fly(P1, SFO, ATL)
Load(C1, P2, SFO)
Fly(P1, ATL, ORD)
Fly(P2, SFO, ORD)
Fly(P1, ORD, SFO)
Fly(P2, ORD, ATL)
Fly(P1, SFO, JFK)
Fly(P2, ATL, JFK)
Load(C4, P2, JFK)
Fly(P2, JFK, ORD)
Fly(P1, JFK, ORD)
Fly(P2, ORD, ATL)
Fly(P1, ORD, ATL)
Fly(P2, ATL, SFO)
Fly(P1, ATL, SFO)
Unload(C4, P2, SFO)
Fly(P2, SFO, ORD)
Fly(P1, SFO, ORD)
Fly(P2, ORD, ATL)
Fly(P1, ORD, ATL)
Fly(P2, ATL, JFK)
Fly(P1, ATL, JFK)
Unload(C1, P2, JFK)
Fly(P2, JFK, ORD)
Fly(P1, JFK, ORD)
Fly(P2, ORD, ATL)
Fly(P1, ORD, ATL)
Fly(P2, ATL, SFO)
Fly(P1, ATL, SFO)
Unload(C3, P1, SFO)
Fly(P2, SFO, ORD)
Fly(P1, SFO, ORD)
Fly(P2, ORD, ATL)
Fly(P1, ORD, ATL)
Fly(P2, ATL, JFK)
Fly(P1, ATL, JFK)
Load(C2, P2, JFK)
Fly(P2, JFK, ORD)
Fly(P1, JFK, ORD)
Fly(P2, ORD, ATL)
Fly(P1, ORD, ATL)
Fly(P2, ATL, SFO)
Fly(P1, ATL, SFO)
Unload(C2, P2, SFO)
Fly(P2, SFO, ORD)
Fly(P1, SFO, ORD)
Fly(P2, ORD, ATL)
Fly(P1, ORD, ATL)
Fly(P2, ATL, JFK)
Fly(P1, ATL, JFK)
Load(C1, P2, JFK)
Fly(P2, JFK, ORD)
Fly(P1, JFK, ORD)
Fly(P2, ORD, ATL)
Fly(P1, ORD, ATL)
Fly(P2, ATL, SFO)
Load(C2, P2, SFO)
Fly(P1, ATL, ORD)
Fly(P2, SFO, ORD)
Fly(P1, ORD, SFO)
Fly(P2, ORD, ATL)
Fly(P1, SFO, JFK)
Unload(C2, P2, ATL)
Fly(P2, ATL, ORD)
Fly(P1, JFK, ORD)
Fly(P2, ORD, SFO)
Fly(P1, ORD, ATL)
Fly(P2, SFO, JFK)
Fly(P1, ATL, SFO)
Unload(C1, P2, JFK)
Fly(P1, SFO, ORD)
Fly(P2, JFK, ORD)
Fly(P1, ORD, ATL)
Fly(P2, ORD, SFO)
Fly(P1, ATL, JFK)
Fly(P2, SFO, ATL)
Load(C1, P1, JFK)
Fly(P2, ATL, ORD)
Fly(P1, JFK, ORD)
Fly(P2, ORD, SFO)
Fly(P1, ORD, ATL)
Fly(P2, SFO, JFK)
Fly(P1, ATL, SFO)
Unload(C1, P1, SFO)
Fly(P1, SFO, ORD)
Fly(P2, JFK, ORD)
Fly(P1, ORD, ATL)
Fly(P2, ORD, ATL)
Fly(P1, ATL, JFK)
Fly(P2, ATL, SFO)
Load(C4, P2, SFO)
Fly(P2, SFO, ORD)
Fly(P1, JFK, ORD)
Fly(P2, ORD, ATL)
Fly(P1, ORD, ATL)
Fly(P2, ATL, JFK)
Fly(P1, ATL, SFO)
Unload(C4, P2, JFK)
Fly(P1, SFO, ORD)
Fly(P2, JFK, ORD)
Fly(P1, ORD, ATL)
Fly(P2, ORD, ATL)
Fly(P1, ATL, JFK)
Fly(P2, ATL, SFO)
Load(C3, P2, SFO)
Fly(P2, SFO, ORD)
Fly(P1, JFK, ORD)
Fly(P2, ORD, ATL)
Fly(P1, ORD, ATL)
Fly(P2, ATL, JFK)
Fly(P1, ATL, SFO)
Unload(C3, P2, JFK)
Fly(P1, SFO, ORD)
Fly(P2, JFK, ORD)
Fly(P1, ORD, ATL)
Fly(P2, ORD, ATL)
Fly(P1, ATL, JFK)
Fly(P2, ATL, SFO)
Load(C1, P2, SFO)
Fly(P2, SFO, ORD)
Fly(P1, JFK, ORD)
Fly(P2, ORD, ATL)
Fly(P1, ORD, ATL)
Fly(P2, ATL, JFK)
Fly(P1, ATL, SFO)
Unload(C1, P2, JFK)
Fly(P1, SFO, ORD)
Fly(P2, JFK, ORD)
Fly(P1, ORD, ATL)
Fly(P2, ORD, ATL)
Fly(P1, ATL, JFK)
Fly(P2, ATL, SFO)
Load(C4, P1, JFK)
Fly(P2, SFO, ORD)
Fly(P1, JFK, ORD)
Fly(P2, ORD, ATL)
Fly(P1, ORD, ATL)
Fly(P2, ATL, JFK)
Fly(P1, ATL, SFO)
Unload(C4, P1, SFO)
Fly(P1, SFO, ORD)
Fly(P2, JFK, ORD)
Fly(P1, ORD, ATL)
Fly(P2, ORD, ATL)
Fly(P1, ATL, JFK)
Fly(P2, ATL, SFO)
Load(C4, P2, SFO)
Fly(P2, SFO, ORD)
Fly(P1, JFK, ORD)
Fly(P2, ORD, ATL)
Fly(P1, ORD, ATL)
Fly(P2, ATL, JFK)
Load(C2, P1, ATL)
Fly(P1, ATL, ORD)
Fly(P2, JFK, ORD)
Fly(P1, ORD, SFO)
Fly(P2, ORD, ATL)
Unload(C4, P2, ATL)
Fly(P2, ATL, ORD)
Fly(P1, SFO, ORD)
Fly(P2, ORD, SFO)
Fly(P1, ORD, ATL)
Fly(P2, SFO, JFK)
Fly(P1, ATL, JFK)
Load(C3, P2, JFK)
Fly(P2, JFK, ORD)
Fly(P1, JFK, ORD)
Fly(P2, ORD, ATL)
Fly(P1, ORD, ATL)
Fly(P2, ATL, SFO)
Unload(C2, P1, ATL)
Fly(P1, ATL, ORD)
Fly(P2, SFO, ORD)
Fly(P1, ORD, SFO)
Fly(P2, ORD, ATL)
Fly(P1, SFO, JFK)
Fly(P2, ATL, JFK)
Unload(C3, P2, JFK)
Fly(P2, JFK, ORD)
Fly(P1, JFK, ORD)
Fly(P2, ORD, SFO)
Fly(P1, ORD, SFO)
Fly(P2, SFO, ATL)
Load(C2, P2, ATL)
Fly(P2, ATL, ORD)
Fly(P1, SFO, ORD)
Fly(P2, ORD, SFO)
Fly(P1, ORD, ATL)
Unload(C2, P2, SFO)
Fly(P1, ATL, SFO)
Fly(P2, SFO, JFK)
Fly(P1, SFO, ORD)
Fly(P2, JFK, ORD)
Fly(P1, ORD, JFK)
Fly(P2, ORD, ATL)
Load(C4, P2, ATL)
Fly(P2, ATL, ORD)
Fly(P1, JFK, ORD)
Fly(P2, ORD, SFO)
Fly(P1, ORD, ATL)
Unload(C4, P2, SFO)

Problem: 3, Strategy: 4
./run_all_tests.sh: line 3: 43237 Alarm clock: 14         perl -e 'alarm shift; exec @ARGV' "$@"
Problem: 3, Strategy: 5

Solving Air Cargo Problem 3 using uniform_cost_search...

Expansions   Goal Tests   New Nodes
  18223       18225       159618  

Plan length: 12  Time elapsed in seconds: 54.25989664904773
Load(C1, P1, SFO)
Load(C2, P2, JFK)
Fly(P1, SFO, ATL)
Load(C3, P1, ATL)
Fly(P2, JFK, ORD)
Load(C4, P2, ORD)
Fly(P1, ATL, JFK)
Fly(P2, ORD, SFO)
Unload(C4, P2, SFO)
Unload(C3, P1, JFK)
Unload(C1, P1, JFK)
Unload(C2, P2, SFO)

Problem: 3, Strategy: 6
./run_all_tests.sh: line 3: 44266 Alarm clock: 14         perl -e 'alarm shift; exec @ARGV' "$@"
Problem: 3, Strategy: 7

Solving Air Cargo Problem 3 using greedy_best_first_graph_search with h_1...

Expansions   Goal Tests   New Nodes
   5578        5580       49150   

Plan length: 18  Time elapsed in seconds: 17.340434168931097
Load(C1, P1, SFO)
Load(C2, P2, JFK)
Fly(P1, SFO, ORD)
Load(C4, P1, ORD)
Fly(P2, JFK, ORD)
Fly(P1, ORD, ATL)
Load(C3, P1, ATL)
Unload(C4, P1, ATL)
Fly(P1, ATL, ORD)
Fly(P2, ORD, ATL)
Load(C4, P2, ATL)
Fly(P2, ATL, SFO)
Unload(C4, P2, SFO)
Unload(C2, P2, SFO)
Fly(P2, SFO, ORD)
Fly(P1, ORD, JFK)
Unload(C3, P1, JFK)
Unload(C1, P1, JFK)

Problem: 3, Strategy: 8

Solving Air Cargo Problem 3 using astar_search with h_1...

Expansions   Goal Tests   New Nodes
  18223       18225       159618  

Plan length: 12  Time elapsed in seconds: 56.26000244403258
Load(C1, P1, SFO)
Load(C2, P2, JFK)
Fly(P1, SFO, ATL)
Load(C3, P1, ATL)
Fly(P2, JFK, ORD)
Load(C4, P2, ORD)
Fly(P1, ATL, JFK)
Fly(P2, ORD, SFO)
Unload(C4, P2, SFO)
Unload(C3, P1, JFK)
Unload(C1, P1, JFK)
Unload(C2, P2, SFO)

Problem: 3, Strategy: 9

Solving Air Cargo Problem 3 using astar_search with h_ignore_preconditions...

Expansions   Goal Tests   New Nodes
   5040        5042       44944   

Plan length: 12  Time elapsed in seconds: 17.674044270068407
Load(C2, P2, JFK)
Fly(P2, JFK, ORD)
Load(C4, P2, ORD)
Fly(P2, ORD, SFO)
Unload(C4, P2, SFO)
Load(C1, P1, SFO)
Fly(P1, SFO, ATL)
Load(C3, P1, ATL)
Fly(P1, ATL, JFK)
Unload(C3, P1, JFK)
Unload(C1, P1, JFK)
Unload(C2, P2, SFO)

Problem: 3, Strategy: 10
./run_all_tests.sh: line 3: 45462 Alarm clock: 14         perl -e 'alarm shift; exec @ARGV' "$@"
